// Jest Snapshot v1, https://goo.gl/fbAQLP

exports[`GameHeader.vue matches snapshot 1`] = `<div class="game-header"><span class="timer">00:00:00</span> <span class="difficulty">Easy</span> <span><button class="menu inline">Exit Game</button></span></div>`;
